/* [square] directive: path/imported.js */
var foo = "bar";
